npm warn deprecated rollup-plugin-inject@3.0.2: This package has been deprecated and is no longer maintained. Please use @rollup/plugin-inject.
npm warn deprecated sourcemap-codec@1.4.8: Please use @jridgewell/sourcemap-codec instead
3.114.17

Cloudflare collects anonymous telemetry about your usage of Wrangler. Learn more at https://github.com/cloudflare/workers-sdk/tree/main/packages/wrangler/telemetry.md

 ⛅️ wrangler 3.114.17 (update available 4.136.2)
<HIDDEN>

[33m▲ [43;33m[[43;30mWARNING[43;33m][0m [1mThe version of Wrangler you are using is now out-of-date.[0m

  Please update to the latest version to prevent critical errors.
  Run `npm install --save-dev wrangler@4` to update to the latest version.
  After installation, run Wrangler with `npx wrangler`.



[31m✘ [41;31m[[41;97mERROR[41;31m][0m [1mBuild failed with 1 error:[0m

  [31m✘ [41;31m[[41;97mERROR[41;31m][0m [1mThe symbol "sha256hex" has already been declared[0m
  
      worker.js:2341:15:
  [37m      2341 │ async function [32msha256hex[37m(s) {
             ╵                [32m~~~~~~~~~[0m
  
    The symbol "sha256hex" was originally declared here:
  
      worker.js:151:15:
  [37m      151 │ async function [32msha256hex[37m(s) {
            ╵                [32m~~~~~~~~~[0m
  
    Duplicate top-level function declarations are not allowed in an ECMAScript module. This file is considered to be an ECMAScript module because of the "export" keyword here:
  
      worker.js:350:0:
  [37m      350 │ [32mexport[37m default {
            ╵ [32m~~~~~~[0m
  
  


🪵  Logs were written to "/home/runner/.config/.wrangler/logs/wrangler-2026-09-22_12-06-36_236.log"
=== exit wrangler3: 1 ===
=== wrangler 4 ===
4.86.0

 ⛅️ wrangler 4.86.0 (update available 4.136.2)
──────────────────────────────────────────────

Cloudflare collects anonymous telemetry about your usage of Wrangler. Learn more at https://github.com/cloudflare/workers-sdk/tree/main/packages/wrangler/telemetry.md

[31m✘ [41;31m[[41;97mERROR[41;31m][0m [1mBuild failed with 1 error:[0m

  [31m✘ [41;31m[[41;97mERROR[41;31m][0m [1mThe symbol "sha256hex" has already been declared[0m
  
      worker.js:2341:15:
  [37m      2341 │ async function [32msha256hex[37m(s) {
             ╵                [32m~~~~~~~~~[0m
  
    The symbol "sha256hex" was originally declared here:
  
      worker.js:151:15:
  [37m      151 │ async function [32msha256hex[37m(s) {
            ╵                [32m~~~~~~~~~[0m
  
    Duplicate top-level function declarations are not allowed in an ECMAScript module. This file is considered to be an ECMAScript module because of the "export" keyword here:
  
      worker.js:350:0:
  [37m      350 │ [32mexport[37m default {
            ╵ [32m~~~~~~[0m
  
  


🪵  Logs were written to "/home/runner/.config/.wrangler/logs/wrangler-2026-09-22_12-06-46_160.log"
=== exit wrangler4: 1 ===
